
Welcome to fdisk (util-linux 2.36.1).
Changes will remain in memory only, until you decide to write them.
Be careful before using the write command.


Command (m for help): Disk /dev/mmcblk0: 7.48 GiB, 8032092160 bytes, 15687680 sectors
Units: sectors of 1 * 512 = 512 bytes
Sector size (logical/physical): 512 bytes / 512 bytes
I/O size (minimum/optimal): 512 bytes / 512 bytes
Disklabel type: dos
Disk identifier: 0x248fb5bf

Device         Boot  Start     End Sectors  Size Id Type
/dev/mmcblk0p1        8192  532479  524288  256M  c W95 FAT32 (LBA)
/dev/mmcblk0p2      532480 5138472 4605993  2.2G 83 Linux

Command (m for help): Partition number (1,2, default 2): 
Partition 2 has been deleted.

Command (m for help): Partition type
   p   primary (1 primary, 0 extended, 3 free)
   e   extended (container for logical partitions)
Select (default p): Partition number (2-4, default 2): First sector (2048-15687679, default 2048): Last sector, +/-sectors or +/-size{K,M,G,T,P} (532480-15687679, default 15687679): 
Created a new partition 2 of type 'Linux' and of size 7.2 GiB.
Partition #2 contains a ext4 signature.

Command (m for help): 
Disk /dev/mmcblk0: 7.48 GiB, 8032092160 bytes, 15687680 sectors
Units: sectors of 1 * 512 = 512 bytes
Sector size (logical/physical): 512 bytes / 512 bytes
I/O size (minimum/optimal): 512 bytes / 512 bytes
Disklabel type: dos
Disk identifier: 0x248fb5bf

Device         Boot  Start      End  Sectors  Size Id Type
/dev/mmcblk0p1        8192   532479   524288  256M  c W95 FAT32 (LBA)
/dev/mmcblk0p2      532480 15687679 15155200  7.2G 83 Linux

Command (m for help): The partition table has been altered.
Syncing disks.

